../Src/main.c:88:5:__io_putchar	16	static
../Src/main.c:93:13:Prepare_I2C_Test	8	static
../Src/main.c:100:21:Run_I2C_Test	24	static
../Src/main.c:135:21:Check_I2C_Data	16	static
../Src/main.c:157:13:Recover_I2C_Bus	8	static
../Src/main.c:168:13:Indicate_Test_Pass	8	static
../Src/main.c:176:13:Indicate_Test_Error	8	static
../Src/main.c:184:13:Indicate_Test_Mismatch	8	static
../Src/main.c:191:6:HAL_I2C_SlaveRxCpltCallback	16	static
../Src/main.c:199:6:HAL_I2C_ErrorCallback	16	static
../Src/main.c:210:5:main	16	static
../Src/main.c:286:6:SystemClock_Config	120	static
../Src/main.c:345:6:Error_Handler	4	static,ignoring_inline_asm
