../Src/main.c:88:5:__io_putchar	16	static
../Src/main.c:93:13:Prepare_I2C_Test	8	static
../Src/main.c:100:21:Run_I2C_Test	24	static
../Src/main.c:135:21:Check_I2C_Data	8	static
../Src/main.c:145:13:Recover_I2C_Bus	8	static
../Src/main.c:156:13:Indicate_Test_Pass	8	static
../Src/main.c:164:13:Indicate_Test_Error	8	static
../Src/main.c:172:13:Indicate_Test_Mismatch	8	static
../Src/main.c:179:6:HAL_I2C_SlaveRxCpltCallback	16	static
../Src/main.c:187:6:HAL_I2C_ErrorCallback	16	static
../Src/main.c:198:5:main	16	static
../Src/main.c:274:6:SystemClock_Config	120	static
../Src/main.c:333:6:Error_Handler	4	static,ignoring_inline_asm
